// Jest Snapshot v1, https://goo.gl/fbAQLP

exports[`Should  render a list of links with link class 1`] = `
Array [
  <a
    class="link"
    href="/"
  >
    Inicial
  </a>,
  <a
    class="link"
    href="/"
  >
    Transferências
  </a>,
  <a
    class="link"
    href="/"
  >
    Investimentos
  </a>,
  <a
    class="link"
    href="/"
  >
    Outros serviços
  </a>,
]
`;

exports[`Should be render a list of links with link class 1`] = `
Array [
  <a
    class="link"
    href="/"
  >
    Inicial
  </a>,
  <a
    class="link"
    href="/"
  >
    Transferências
  </a>,
  <a
    class="link"
    href="/"
  >
    Investimentos
  </a>,
  <a
    class="link"
    href="/"
  >
    Outros serviços
  </a>,
]
`;

exports[`Should render a list of links with link class 1`] = `
Array [
  <a
    class="link"
    href="/"
  >
    Inicial
  </a>,
  <a
    class="link"
    href="/"
  >
    Transferências
  </a>,
  <a
    class="link"
    href="/"
  >
    Investimentos
  </a>,
  <a
    class="link"
    href="/"
  >
    Outros serviços
  </a>,
]
`;
